[INFO] Scanning for projects...
[INFO] 
[INFO] ----------------< com.coffeetrace:coffee-trace-backend >----------------
[INFO] Building coffee-trace-backend 1.0.0
[INFO]   from pom.xml
[INFO] --------------------------------[ jar ]---------------------------------
[INFO] 
[INFO] --- clean:3.3.2:clean (default-clean) @ coffee-trace-backend ---
[INFO] Deleting /Users/ephrembinchebo/Desktop/Projects/BunaTrace/coffee-trace-backend/target
[INFO] 
[INFO] --- resources:3.3.1:resources (default-resources) @ coffee-trace-backend ---
[INFO] Copying 1 resource from src/main/resources to target/classes
[INFO] Copying 3 resources from src/main/resources to target/classes
[INFO] 
[INFO] --- compiler:3.13.0:compile (default-compile) @ coffee-trace-backend ---
[INFO] Recompiling the module because of changed source code.
[INFO] Compiling 110 source files with javac [debug parameters release 21] to target/classes
[INFO] Annotation processing is enabled because one or more processors were found
  on the class path. A future release of javac may disable annotation processing
  unless at least one processor is specified by name (-processor), or a search
  path is specified (--processor-path, --processor-module-path), or annotation
  processing is enabled explicitly (-proc:only, -proc:full).
  Use -Xlint:-options to suppress this message.
  Use -proc:none to disable annotation processing.
[INFO] 
[INFO] --- resources:3.3.1:testResources (default-testResources) @ coffee-trace-backend ---
[INFO] skip non existing resourceDirectory /Users/ephrembinchebo/Desktop/Projects/BunaTrace/coffee-trace-backend/src/test/resources
[INFO] 
[INFO] --- compiler:3.13.0:testCompile (default-testCompile) @ coffee-trace-backend ---
[INFO] Recompiling the module because of changed dependency.
[INFO] Compiling 2 source files with javac [debug parameters release 21] to target/test-classes
[INFO] Annotation processing is enabled because one or more processors were found
  on the class path. A future release of javac may disable annotation processing
  unless at least one processor is specified by name (-processor), or a search
  path is specified (--processor-path, --processor-module-path), or annotation
  processing is enabled explicitly (-proc:only, -proc:full).
  Use -Xlint:-options to suppress this message.
  Use -proc:none to disable annotation processing.
[INFO] -------------------------------------------------------------
[ERROR] COMPILATION ERROR : 
[INFO] -------------------------------------------------------------
[ERROR] /Users/ephrembinchebo/Desktop/Projects/BunaTrace/coffee-trace-backend/src/test/java/com/coffeetrace/coffee_trace_backend/FarmAndFarmerTests.java:[15,24] cannot find symbol
  symbol:   class Assert
  location: package org.junit
[ERROR] /Users/ephrembinchebo/Desktop/Projects/BunaTrace/coffee-trace-backend/src/test/java/com/coffeetrace/coffee_trace_backend/FarmAndFarmerTests.java:[15,1] static import only from classes and interfaces
[INFO] 2 errors 
[INFO] -------------------------------------------------------------
[INFO] ------------------------------------------------------------------------
[INFO] BUILD FAILURE
[INFO] ------------------------------------------------------------------------
[INFO] Total time:  6.500 s
[INFO] Finished at: 2026-07-04T18:32:06-07:00
[INFO] ------------------------------------------------------------------------
[ERROR] Failed to execute goal org.apache.maven.plugins:maven-compiler-plugin:3.13.0:testCompile (default-testCompile) on project coffee-trace-backend: Compilation failure: Compilation failure: 
[ERROR] /Users/ephrembinchebo/Desktop/Projects/BunaTrace/coffee-trace-backend/src/test/java/com/coffeetrace/coffee_trace_backend/FarmAndFarmerTests.java:[15,24] cannot find symbol
[ERROR]   symbol:   class Assert
[ERROR]   location: package org.junit
[ERROR] /Users/ephrembinchebo/Desktop/Projects/BunaTrace/coffee-trace-backend/src/test/java/com/coffeetrace/coffee_trace_backend/FarmAndFarmerTests.java:[15,1] static import only from classes and interfaces
[ERROR] -> [Help 1]
[ERROR] 
[ERROR] To see the full stack trace of the errors, re-run Maven with the -e switch.
[ERROR] Re-run Maven using the -X switch to enable full debug logging.
[ERROR] 
[ERROR] For more information about the errors and possible solutions, please read the following articles:
[ERROR] [Help 1] http://cwiki.apache.org/confluence/display/MAVEN/MojoFailureException
